Microchip MPLAB XC8 Compiler V2.50

Linker command line:

-W-3 \
  --edf=C:\Program Files\Microchip\xc8\v2.50\pic\dat\20240725155939_en.msgs \
  -cn -h+dist/default/production\ps2key.X.production.sym \
  --cmf=dist/default/production\ps2key.X.production.cmf -z -Q16F1827 \
  -oC:\Users\2020t\AppData\Local\Temp\xcAs90g.\driver_tmp_3.o \
  --defsym=__MPLAB_BUILD=1 --fixupoverflow=error \
  -Mdist/default/production/ps2key.X.production.map \
  --md=C:\Users\2020t\AppData\Local\Temp\xcAs90g.\driver_tmp_0.dat -E1 \
  -ver=XC8 Compiler --acfsm=1493 -ACODE=00h-07FFhx2 -ASTRCODE=00h-0FFFh \
  -ASTRING=00h-0FFhx16 -ACONST=00h-0FFhx16 -AENTRY=00h-0FFhx16 \
  -ACOMMON=070h-07Fh -ABANK0=020h-06Fh -ABANK1=0A0h-0EFh \
  -ABANK2=0120h-016Fh -ABANK3=01A0h-01EFh -ABANK4=0220h-024Fh \
  -ABIGRAM=02000h-0216Fh \
  -ARAM=020h-06Fh,0A0h-0EFh,0120h-016Fh,01A0h-01EFh,0220h-024Fh \
  -AABS1=020h-07Fh,0A0h-0EFh,0120h-016Fh,01A0h-01EFh,0220h-024Fh \
  -ASFR0=00h-01Fh -ASFR1=080h-09Fh -ASFR2=0100h-011Fh -ASFR3=0180h-019Fh \
  -ASFR4=0200h-021Fh -ASFR5=0280h-02EFh -ASFR6=0300h-036Fh \
  -ASFR7=0380h-03EFh -ASFR8=0400h-046Fh -ASFR9=0480h-04EFh \
  -ASFR10=0500h-056Fh -ASFR11=0580h-05EFh -ASFR12=0600h-066Fh \
  -ASFR13=0680h-06EFh -ASFR14=0700h-076Fh -ASFR15=0780h-07EFh \
  -ASFR16=0800h-086Fh -ASFR17=0880h-08EFh -ASFR18=0900h-096Fh \
  -ASFR19=0980h-09EFh -ASFR20=0A00h-0A6Fh -ASFR21=0A80h-0AEFh \
  -ASFR22=0B00h-0B6Fh -ASFR23=0B80h-0BEFh -ASFR24=0C00h-0C6Fh \
  -ASFR25=0C80h-0CEFh -ASFR26=0D00h-0D6Fh -ASFR27=0D80h-0DEFh \
  -ASFR28=0E00h-0E6Fh -ASFR29=0E80h-0EEFh -ASFR30=0F00h-0F6Fh \
  -ASFR31=0F80h-0FEFh -ACONFIG=08007h-08008h -DCONFIG=2 \
  -AIDLOC=08000h-08003h -DIDLOC=2 -AEEDATA=00h-0FFh/0F000h \
  -peeprom_data=EEDATA -DEEDATA=2 -DCODE=2 -DSTRCODE=2 -DSTRING=2 -DCONST=2 \
  -DENTRY=2 -preset_vec=00h,intentry=04h,sivt,init,end_init -ppowerup=CODE \
  -pcinit=CODE -pfunctab=ENTRY -k \
  C:\Users\2020t\AppData\Local\Temp\xcAs90g.\driver_tmp_15.o \
  dist/default/production\ps2key.X.production.o 

Object code version is 3.11

Machine type is 16F1827



                Name                               Link     Load   Length Selector   Space Scale
C:\Users\2020t\AppData\Local\Temp\xcAs90g.\driver_tmp_15.o
                end_init                             1F       1F        2        8       0
                reset_vec                             0        0        2        0       0
                config                             8007     8007        2        0       4
dist/default/production\ps2key.X.production.o
                cinit                                21       21       11        8       0
                intentry                              4        4       1B        8       0
                config                             8007     8007        2        0       4
                text22                              3AC      3AC       1F      664       0
                text21                              47A      47A        9      664       0
                text20                              4AA      4AA        1      664       0
                text19                              457      457        D      664       0
                text18                              49E      49E        5      664       0
                text17                              426      426       14      664       0
                text16                              4A9      4A9        1      664       0
                text15                              44A      44A        D      664       0
                text14                              483      483        8      664       0
                text12                              498      498        6      664       0
                text11                              464      464        C      664       0
                text10                              48B      48B        7      664       0
                text9                               3FD      3FD       15      664       0
                text8                               492      492        6      664       0
                text7                               412      412       14      664       0
                text6                               4A3      4A3        4      664       0
                text5                               43A      43A       10      664       0
                text4                               332      332       42      664       0
                text3                               470      470        A      664       0
                text2                               374      374       38      664       0
                text1                               3E7      3E7       16      664       0
                maintext                            3CB      3CB       1C      664       0
                cstackCOMMON                         70       70        A       70       1
                dataBANK0                            26       26        2       20       1
                bssBANK0                             24       24        2       20       1
                bssCOMMON                            7A       7A        3       70       1
                nvBANK0                              20       20        4       20       1
                stringtext1                          32       32      300       64       0
                idataBANK0                          4A7      4A7        2      664       0

TOTAL           Name                               Link     Load   Length     Space
        CLASS   CODE           
                end_init                             1F       1F        2         0
                cinit                                21       21       11         0
                intentry                              4        4       1B         0
                reset_vec                             0        0        2         0
                text22                              3AC      3AC       1F         0
                text21                              47A      47A        9         0
                text20                              4AA      4AA        1         0
                text19                              457      457        D         0
                text18                              49E      49E        5         0
                text17                              426      426       14         0
                text16                              4A9      4A9        1         0
                text15                              44A      44A        D         0
                text14                              483      483        8         0
                text12                              498      498        6         0
                text11                              464      464        C         0
                text10                              48B      48B        7         0
                text9                               3FD      3FD       15         0
                text8                               492      492        6         0
                text7                               412      412       14         0
                text6                               4A3      4A3        4         0
                text5                               43A      43A       10         0
                text4                               332      332       42         0
                text3                               470      470        A         0
                text2                               374      374       38         0
                text1                               3E7      3E7       16         0
                maintext                            3CB      3CB       1C         0
                idataBANK0                          4A7      4A7        2         0

        CLASS   STRCODE        
                stringtext1                          32       32      300         0

        CLASS   STRING         

        CLASS   CONST          

        CLASS   ENTRY          

        CLASS   COMMON         
                cstackCOMMON                         70       70        A         1
                bssCOMMON                            7A       7A        3         1

        CLASS   BANK0          
                dataBANK0                            26       26        2         1
                bssBANK0                             24       24        2         1
                nvBANK0                              20       20        4         1

        CLASS   BANK1          

        CLASS   BANK2          

        CLASS   BANK3          

        CLASS   BANK4          

        CLASS   BIGRAM         

        CLASS   RAM            

        CLASS   ABS1           
                abs_s1                               7E       7E        2         1

        CLASS   SFR0           

        CLASS   SFR1           

        CLASS   SFR2           

        CLASS   SFR3           

        CLASS   SFR4           

        CLASS   SFR5           

        CLASS   SFR6           

        CLASS   SFR7           

        CLASS   SFR8           

        CLASS   SFR9           

        CLASS   SFR10          

        CLASS   SFR11          

        CLASS   SFR12          

        CLASS   SFR13          

        CLASS   SFR14          

        CLASS   SFR15          

        CLASS   SFR16          

        CLASS   SFR17          

        CLASS   SFR18          

        CLASS   SFR19          

        CLASS   SFR20          

        CLASS   SFR21          

        CLASS   SFR22          

        CLASS   SFR23          

        CLASS   SFR24          

        CLASS   SFR25          

        CLASS   SFR26          

        CLASS   SFR27          

        CLASS   SFR28          

        CLASS   SFR29          

        CLASS   SFR30          

        CLASS   SFR31          

        CLASS   CONFIG         
                config                             8007     8007        2         4

        CLASS   IDLOC          

        CLASS   EEDATA         

        CLASS   BANK31         

        CLASS   BANK30         

        CLASS   BANK29         

        CLASS   BANK28         

        CLASS   BANK27         

        CLASS   BANK26         

        CLASS   BANK25         

        CLASS   BANK24         

        CLASS   BANK23         

        CLASS   BANK22         

        CLASS   BANK21         

        CLASS   BANK20         

        CLASS   BANK19         

        CLASS   BANK18         

        CLASS   BANK17         

        CLASS   BANK16         

        CLASS   BANK15         

        CLASS   BANK14         

        CLASS   BANK13         

        CLASS   BANK12         

        CLASS   BANK11         

        CLASS   BANK10         

        CLASS   BANK9          

        CLASS   BANK8          

        CLASS   BANK7          

        CLASS   BANK6          

        CLASS   BANK5          

        CLASS   HEAP           

        CLASS   STACK          



SEGMENTS        Name                           Load    Length   Top    Selector   Space  Class     Delta

                reset_vec                      000000  000002  000002         0       0  CODE        2
                intentry                       000004  00002E  000032         8       0  CODE        2
                nvBANK0                        000020  000008  000028        20       1  BANK0       1
                stringtext1                    000032  000300  000332        64       0  STRCODE     2
                cstackCOMMON                   000070  00000D  00007D        70       1  COMMON      1
                text4                          000332  000179  0004AB       664       0  CODE        2


UNUSED ADDRESS RANGES

        Name                Unused          Largest block    Delta
        BANK0            00028-0006F              48           1
        BANK1            000A0-000EF              50           1
        BANK2            00120-0016F              50           1
        BANK3            001A0-001EF              50           1
        BANK4            00220-0024F              30           1
        BIGRAM           02000-0216F             170           1
        CODE             00002-00003               2           2
                         004AB-00FFF             355
        COMMON           0007D-0007D               1           1
        CONST            00002-00003               2           2
                         004AB-00FFF             100
        EEDATA           0F000-0F0FF             100           2
        ENTRY            00002-00003               2           2
                         004AB-00FFF             100
        IDLOC            08000-08003               4           2
        RAM              00028-0006F              48           1
                         000A0-000EF              50
                         00120-0016F              50
                         001A0-001EF              50
                         00220-0024F              30
        SFR0             00000-0001F              20           1
        SFR1             00080-0009F              20           1
        SFR10            00500-0056F              70           1
        SFR11            00580-005EF              70           1
        SFR12            00600-0066F              70           1
        SFR13            00680-006EF              70           1
        SFR14            00700-0076F              70           1
        SFR15            00780-007EF              70           1
        SFR16            00800-0086F              70           1
        SFR17            00880-008EF              70           1
        SFR18            00900-0096F              70           1
        SFR19            00980-009EF              70           1
        SFR2             00100-0011F              20           1
        SFR20            00A00-00A6F              70           1
        SFR21            00A80-00AEF              70           1
        SFR22            00B00-00B6F              70           1
        SFR23            00B80-00BEF              70           1
        SFR24            00C00-00C6F              70           1
        SFR25            00C80-00CEF              70           1
        SFR26            00D00-00D6F              70           1
        SFR27            00D80-00DEF              70           1
        SFR28            00E00-00E6F              70           1
        SFR29            00E80-00EEF              70           1
        SFR3             00180-0019F              20           1
        SFR30            00F00-00F6F              70           1
        SFR31            00F80-00FEF              70           1
        SFR4             00200-0021F              20           1
        SFR5             00280-002EF              70           1
        SFR6             00300-0036F              70           1
        SFR7             00380-003EF              70           1
        SFR8             00400-0046F              70           1
        SFR9             00480-004EF              70           1
        STRCODE          00002-00003               2           2
                         004AB-00FFF             B55
        STRING           00002-00003               2           2
                         004AB-00FFF             100

                                  Symbol Table

INT_SetInterruptHandler@InterruptHandler  cstackCOMMON 00071
TMR0_SetInterruptHandler@InterruptHandler cstackCOMMON 00071
_ANSELA                                   (abs)        0018C
_ANSELB                                   (abs)        0018D
_APFCON0                                  (abs)        0011D
_APFCON1                                  (abs)        0011E
_BORCON                                   (abs)        00116
_EXT_INT_Initialize                       text11       00464
_INTCONbits                               (abs)        0000B
_INTERRUPT_InterruptManager               intentry     00004
_INT_CallBack                             text19       00457
_INT_DefaultInterruptHandler              text20       004AA
_INT_ISR                                  text18       0049E
_INT_InterruptHandler                     nvBANK0      00020
_INT_SetInterruptHandler                  text12       00498
_Int_CallBack                             text21       0047A
_LATA                                     (abs)        0010C
_LATB                                     (abs)        0010D
_OPTION_REG                               (abs)        00095
_OPTION_REGbits                           (abs)        00095
_OSCCON                                   (abs)        00099
_OSCILLATOR_Initialize                    text10       0048B
_OSCTUNE                                  (abs)        00098
_PIN_MANAGER_Initialize                   text9        003FD
_PORTBbits                                (abs)        0000D
_RA0                                      (abs)        00060
_RA1                                      (abs)        00061
_RA6                                      (abs)        00066
_RA7                                      (abs)        00067
_RB4                                      (abs)        0006C
_RB5                                      (abs)        0006D
_RB6                                      (abs)        0006E
_RB7                                      (abs)        0006F
_SYSTEM_Initialize                        text5        0043A
_TMR0                                     (abs)        00015
_TMR0_CallBack                            text15       0044A
_TMR0_DefaultInterruptHandler             text16       004A9
_TMR0_ISR                                 text14       00483
_TMR0_Initialize                          text7        00412
_TMR0_InterruptHandler                    nvBANK0      00022
_TMR0_SetInterruptHandler                 text8        00492
_TRISA                                    (abs)        0008C
_TRISB                                    (abs)        0008D
_WDTCON                                   (abs)        00097
_WDT_Initialize                           text6        004A3
_WPUA                                     (abs)        0020C
_WPUB                                     (abs)        0020D
__H__absolute__                           __absolute__ 00000
__Habs1                                   abs1         00000
__Hbank0                                  bank0        00000
__Hbank1                                  bank1        00000
__Hbank10                                 bank10       00000
__Hbank11                                 bank11       00000
__Hbank12                                 bank12       00000
__Hbank13                                 bank13       00000
__Hbank14                                 bank14       00000
__Hbank15                                 bank15       00000
__Hbank16                                 bank16       00000
__Hbank17                                 bank17       00000
__Hbank18                                 bank18       00000
__Hbank19                                 bank19       00000
__Hbank2                                  bank2        00000
__Hbank20                                 bank20       00000
__Hbank21                                 bank21       00000
__Hbank22                                 bank22       00000
__Hbank23                                 bank23       00000
__Hbank24                                 bank24       00000
__Hbank25                                 bank25       00000
__Hbank26                                 bank26       00000
__Hbank27                                 bank27       00000
__Hbank28                                 bank28       00000
__Hbank29                                 bank29       00000
__Hbank3                                  bank3        00000
__Hbank30                                 bank30       00000
__Hbank31                                 bank31       00000
__Hbank4                                  bank4        00000
__Hbank5                                  bank5        00000
__Hbank6                                  bank6        00000
__Hbank7                                  bank7        00000
__Hbank8                                  bank8        00000
__Hbank9                                  bank9        00000
__Hbigram                                 bigram       00000
__HbssBANK0                               bssBANK0     00000
__HbssCOMMON                              bssCOMMON    00000
__Hcinit                                  cinit        00032
__Hclrtext                                clrtext      00000
__Hcode                                   code         00000
__Hcommon                                 common       00000
__Hconfig                                 config       08009
__HcstackCOMMON                           cstackCOMMON 00000
__HdataBANK0                              dataBANK0    00000
__Heeprom_data                            eeprom_data  00000
__Hend_init                               end_init     00021
__Hfunctab                                functab      00000
__Hheap                                   heap         00000
__HidataBANK0                             idataBANK0   00000
__Hinit                                   init         0001F
__Hintentry                               intentry     0001F
__Hmaintext                               maintext     00000
__HnvBANK0                                nvBANK0      00000
__Hpowerup                                powerup      00000
__Hram                                    ram          00000
__Hreset_vec                              reset_vec    00002
__Hsfr0                                   sfr0         00000
__Hsfr1                                   sfr1         00000
__Hsfr10                                  sfr10        00000
__Hsfr11                                  sfr11        00000
__Hsfr12                                  sfr12        00000
__Hsfr13                                  sfr13        00000
__Hsfr14                                  sfr14        00000
__Hsfr15                                  sfr15        00000
__Hsfr16                                  sfr16        00000
__Hsfr17                                  sfr17        00000
__Hsfr18                                  sfr18        00000
__Hsfr19                                  sfr19        00000
__Hsfr2                                   sfr2         00000
__Hsfr20                                  sfr20        00000
__Hsfr21                                  sfr21        00000
__Hsfr22                                  sfr22        00000
__Hsfr23                                  sfr23        00000
__Hsfr24                                  sfr24        00000
__Hsfr25                                  sfr25        00000
__Hsfr26                                  sfr26        00000
__Hsfr27                                  sfr27        00000
__Hsfr28                                  sfr28        00000
__Hsfr29                                  sfr29        00000
__Hsfr3                                   sfr3         00000
__Hsfr30                                  sfr30        00000
__Hsfr31                                  sfr31        00000
__Hsfr4                                   sfr4         00000
__Hsfr5                                   sfr5         00000
__Hsfr6                                   sfr6         00000
__Hsfr7                                   sfr7         00000
__Hsfr8                                   sfr8         00000
__Hsfr9                                   sfr9         00000
__Hsivt                                   sivt         0001F
__Hspace_0                                (abs)        004AB
__Hspace_1                                (abs)        0007D
__Hspace_2                                (abs)        00000
__Hspace_3                                (abs)        00000
__Hspace_4                                (abs)        10010
__Hstack                                  stack        00000
__Hstrings                                strings      00000
__Hstringtext1                            stringtext1  00000
__Htext                                   text         00000
__L__absolute__                           __absolute__ 00000
__Labs1                                   abs1         00000
__Lbank0                                  bank0        00000
__Lbank1                                  bank1        00000
__Lbank10                                 bank10       00000
__Lbank11                                 bank11       00000
__Lbank12                                 bank12       00000
__Lbank13                                 bank13       00000
__Lbank14                                 bank14       00000
__Lbank15                                 bank15       00000
__Lbank16                                 bank16       00000
__Lbank17                                 bank17       00000
__Lbank18                                 bank18       00000
__Lbank19                                 bank19       00000
__Lbank2                                  bank2        00000
__Lbank20                                 bank20       00000
__Lbank21                                 bank21       00000
__Lbank22                                 bank22       00000
__Lbank23                                 bank23       00000
__Lbank24                                 bank24       00000
__Lbank25                                 bank25       00000
__Lbank26                                 bank26       00000
__Lbank27                                 bank27       00000
__Lbank28                                 bank28       00000
__Lbank29                                 bank29       00000
__Lbank3                                  bank3        00000
__Lbank30                                 bank30       00000
__Lbank31                                 bank31       00000
__Lbank4                                  bank4        00000
__Lbank5                                  bank5        00000
__Lbank6                                  bank6        00000
__Lbank7                                  bank7        00000
__Lbank8                                  bank8        00000
__Lbank9                                  bank9        00000
__Lbigram                                 bigram       00000
__LbssBANK0                               bssBANK0     00000
__LbssCOMMON                              bssCOMMON    00000
__Lcinit                                  cinit        00021
__Lclrtext                                clrtext      00000
__Lcode                                   code         00000
__Lcommon                                 common       00000
__Lconfig                                 config       00000
__LcstackCOMMON                           cstackCOMMON 00000
__LdataBANK0                              dataBANK0    00000
__Leeprom_data                            eeprom_data  00000
__Lend_init                               end_init     0001F
__Lfunctab                                functab      00000
__Lheap                                   heap         00000
__LidataBANK0                             idataBANK0   00000
__Linit                                   init         0001F
__Lintentry                               intentry     00004
__Lmaintext                               maintext     00000
__LnvBANK0                                nvBANK0      00000
__Lpowerup                                powerup      00000
__Lram                                    ram          00000
__Lreset_vec                              reset_vec    00000
__Lsfr0                                   sfr0         00000
__Lsfr1                                   sfr1         00000
__Lsfr10                                  sfr10        00000
__Lsfr11                                  sfr11        00000
__Lsfr12                                  sfr12        00000
__Lsfr13                                  sfr13        00000
__Lsfr14                                  sfr14        00000
__Lsfr15                                  sfr15        00000
__Lsfr16                                  sfr16        00000
__Lsfr17                                  sfr17        00000
__Lsfr18                                  sfr18        00000
__Lsfr19                                  sfr19        00000
__Lsfr2                                   sfr2         00000
__Lsfr20                                  sfr20        00000
__Lsfr21                                  sfr21        00000
__Lsfr22                                  sfr22        00000
__Lsfr23                                  sfr23        00000
__Lsfr24                                  sfr24        00000
__Lsfr25                                  sfr25        00000
__Lsfr26                                  sfr26        00000
__Lsfr27                                  sfr27        00000
__Lsfr28                                  sfr28        00000
__Lsfr29                                  sfr29        00000
__Lsfr3                                   sfr3         00000
__Lsfr30                                  sfr30        00000
__Lsfr31                                  sfr31        00000
__Lsfr4                                   sfr4         00000
__Lsfr5                                   sfr5         00000
__Lsfr6                                   sfr6         00000
__Lsfr7                                   sfr7         00000
__Lsfr8                                   sfr8         00000
__Lsfr9                                   sfr9         00000
__Lsivt                                   sivt         0001F
__Lspace_0                                (abs)        00000
__Lspace_1                                (abs)        00000
__Lspace_2                                (abs)        00000
__Lspace_3                                (abs)        00000
__Lspace_4                                (abs)        00000
__Lstack                                  stack        00000
__Lstrings                                strings      00000
__Lstringtext1                            stringtext1  00000
__Ltext                                   text         00000
__S0                                      (abs)        004AB
__S1                                      (abs)        0007D
__S3                                      (abs)        00000
___heap_hi                                (abs)        00000
___heap_lo                                (abs)        00000
___int_sp                                 stack        00000
___int_stack_hi                           stack        00000
___int_stack_lo                           stack        00000
___latbits                                (abs)        00001
___sp                                     stack        00000
___stack_hi                               stack        00000
___stack_lo                               stack        00000
___stackhi                                (abs)        00000
___stacklo                                (abs)        00000
__end_of_EXT_INT_Initialize               text11       00470
__end_of_INTERRUPT_InterruptManager       intentry     0001F
__end_of_INT_CallBack                     text19       00464
__end_of_INT_DefaultInterruptHandler      text20       004AB
__end_of_INT_ISR                          text18       004A3
__end_of_INT_SetInterruptHandler          text12       0049E
__end_of_Int_CallBack                     text21       00483
__end_of_OSCILLATOR_Initialize            text10       00492
__end_of_PIN_MANAGER_Initialize           text9        00412
__end_of_SYSTEM_Initialize                text5        0044A
__end_of_TMR0_CallBack                    text15       00457
__end_of_TMR0_DefaultInterruptHandler     text16       004AA
__end_of_TMR0_ISR                         text14       0048B
__end_of_TMR0_Initialize                  text7        00426
__end_of_TMR0_SetInterruptHandler         text8        00498
__end_of_WDT_Initialize                   text6        004A7
__end_of__initialization                  cinit        0002E
__end_of_initTsk                          text3        0047A
__end_of_main                             maintext     003E7
__end_of_mainTimer                        text17       0043A
__end_of_mainTsk                          text1        003FD
__end_of_putByte                          text4        00374
__end_of_scanBit                          text22       003CB
__end_of_table                            stringtext1  00332
__end_of_trans                            text2        003AC
__initialization                          cinit        00021
__pbssBANK0                               bssBANK0     00024
__pbssCOMMON                              bssCOMMON    0007A
__pcstackCOMMON                           cstackCOMMON 00070
__pdataBANK0                              dataBANK0    00026
__pidataBANK0                             idataBANK0   004A7
__pintentry                               intentry     00004
__pmaintext                               maintext     003CB
__pnvBANK0                                nvBANK0      00020
__pstringtext1                            stringtext1  00032
__ptext1                                  text1        003E7
__ptext10                                 text10       0048B
__ptext11                                 text11       00464
__ptext12                                 text12       00498
__ptext14                                 text14       00483
__ptext15                                 text15       0044A
__ptext16                                 text16       004A9
__ptext17                                 text17       00426
__ptext18                                 text18       0049E
__ptext19                                 text19       00457
__ptext2                                  text2        00374
__ptext20                                 text20       004AA
__ptext21                                 text21       0047A
__ptext22                                 text22       003AC
__ptext3                                  text3        00470
__ptext4                                  text4        00332
__ptext5                                  text5        0043A
__ptext6                                  text6        004A3
__ptext7                                  text7        00412
__ptext8                                  text8        00492
__ptext9                                  text9        003FD
_bitCnt                                   bssBANK0     00024
_initTsk                                  text3        00470
_main                                     maintext     003CB
_mainTimer                                text17       00426
_mainTsk                                  text1        003E7
_putByte                                  text4        00332
_scanBit                                  text22       003AC
_sciBuf                                   bssCOMMON    0007A
_table                                    stringtext1  00032
_tableSW                                  bssCOMMON    0007B
_timer0ReloadVal                          bssCOMMON    0007C
_timint                                   dataBANK0    00026
_trans                                    text2        00374
btemp                                     (abs)        0007E
end_of_initialization                     cinit        0002E
int$flags                                 (abs)        0007E
intlevel0                                 functab      00000
intlevel1                                 functab      00000
intlevel2                                 functab      00000
intlevel3                                 functab      00000
intlevel4                                 functab      00000
intlevel5                                 functab      00000
putByte@inC                               cstackCOMMON 00071
reset_vec                                 reset_vec    00000
start                                     init         0001F
start_initialization                      cinit        00021
trans@ch                                  cstackCOMMON 00079
trans@ret                                 cstackCOMMON 00078
wtemp0                                    (abs)        0007E


MODULE INFORMATION

Module		Function		Class		Link	Load	Size
mcc_generated_files/interrupt_manager.c
		_INTERRUPT_InterruptManager		CODE           	0004	0000	27

mcc_generated_files/interrupt_manager.c estimated size: 27

mcc_generated_files/tmr0.c
		_TMR0_SetInterruptHandler		CODE           	0492	0000	6
		_TMR0_DefaultInterruptHandler		CODE           	04A9	0000	1
		_TMR0_CallBack 		CODE           	044A	0000	13
		_TMR0_ISR      		CODE           	0483	0000	8
		_TMR0_Initialize		CODE           	0412	0000	20

mcc_generated_files/tmr0.c estimated size: 48

mcc_generated_files/pin_manager.c
		_PIN_MANAGER_Initialize		CODE           	03FD	0000	21

mcc_generated_files/pin_manager.c estimated size: 21

mcc_generated_files/ext_int.c
		_INT_DefaultInterruptHandler		CODE           	04AA	0000	1
		_EXT_INT_Initialize		CODE           	0464	0000	12
		_INT_SetInterruptHandler		CODE           	0498	0000	6
		_INT_CallBack  		CODE           	0457	0000	13
		_INT_ISR       		CODE           	049E	0000	5

mcc_generated_files/ext_int.c estimated size: 37

shared
		_table         		STRCODE        	0032	0000	768
		__initialization		CODE           	0021	0000	13

shared estimated size: 781

mcc_generated_files/mcc.c
		_WDT_Initialize		CODE           	04A3	0000	4
		_OSCILLATOR_Initialize		CODE           	048B	0000	7
		_SYSTEM_Initialize		CODE           	043A	0000	16

mcc_generated_files/mcc.c estimated size: 27

main.c
		_trans         		CODE           	0374	0000	56
		_main          		CODE           	03CB	0000	28
		_scanBit       		CODE           	03AC	0000	31
		_Int_CallBack  		CODE           	047A	0000	9
		_putByte       		CODE           	0332	0000	66
		_initTsk       		CODE           	0470	0000	10
		_mainTimer     		CODE           	0426	0000	20
		_mainTsk       		CODE           	03E7	0000	22

main.c estimated size: 242

